// Jest Snapshot v1, https://goo.gl/fbAQLP

exports[`creates the navbar 1`] = `
<nav
  className="navbar is-fixed-top"
  role="navigation"
>
  <div
    className="navbar-brand"
  >
    <a
      className="navbar-item"
      onClick={[Function]}
      role="home"
    >
      <i
        className="fa"
      />
    </a>
    <div
      className="navbar-burger"
      onClick={[Function]}
      role="hamburgerButton"
      style={
        {
          "outline": "none",
        }
      }
      tabIndex="0"
    >
      <span />
      <span />
      <span />
    </div>
  </div>
  <div
    className="navbar-menu"
    role="menu"
  >
    <div
      className="navbar-start"
    >
      <a
        className="navbar-item"
        onClick={[Function]}
        role="menuLink"
        style={{}}
      >
        About Me
      </a>
      <a
        className="navbar-item"
        onClick={[Function]}
        role="menuLink"
        style={{}}
      >
        History
      </a>
    </div>
  </div>
</nav>
`;
