// Jest Snapshot v1, https://goo.gl/fbAQLP

exports[`creates a link for the navbar 1`] = `
<a
  aria-label="label"
  className="navbar-item"
  onClick={[Function]}
  role="menuitem"
  style={{}}
/>
`;
