// Jest Snapshot v1, https://goo.gl/fbAQLP

exports[`creates a link that will open a new tab securely 1`] = `
<a
  href="http://www.budw.in/"
  rel="noreferrer"
  target="_blank"
>
  My Website
</a>
`;
